
> umaang@0.1.0 build
> next build

  Ôû▓ Next.js 14.2.35

   Creating an optimized production build ...
node.exe :  ÔÜá Failed 
to minify the 
stylesheet for https://
fonts.googleapis.com/cs
s2?family=Material+Symb
ols+Outlined:wght@100..
700,0..1&display=swap. 
Skipped optimizing 
this font.
At C:\Program Files\nod
ejs\npm.ps1:29 char:3
+   & $NODE_EXE 
$NPM_CLI_JS $args
+   ~~~~~~~~~~~~~~~~~~~
~~~~~~~~~~
    + CategoryInfo     
         : NotSpecifi  
  ed: ( ÔÜá Failed t   
 o ...zing this fon    
t.:String) [], Rem    
oteException
    + FullyQualifiedEr 
   rorId : NativeComm  
  andError
 
CssSyntaxError: <css 
input>:1:114: Missed 
semicolon
    at Input.error (C:\
Users\raksha\Desktop\um
aang\node_modules\next\
node_modules\postcss\li
b\input.js:106:16)
    at Parser.checkMiss
edSemicolon (C:\Users\r
aksha\Desktop\umaang\no
de_modules\next\node_mo
dules\postcss\lib\parse
r.js:139:22)
    at Parser.decl (C:\
Users\raksha\Desktop\um
aang\node_modules\next\
node_modules\postcss\li
b\parser.js:297:12)
    at Parser.other (C:
\Users\raksha\Desktop\u
maang\node_modules\next
\node_modules\postcss\l
ib\parser.js:434:12)
    at Parser.parse (C:
\Users\raksha\Desktop\u
maang\node_modules\next
\node_modules\postcss\l
ib\parser.js:471:16)
    at parse (C:\Users\
raksha\Desktop\umaang\n
ode_modules\next\node_m
odules\postcss\lib\pars
e.js:11:12)
    at new LazyResult (
C:\Users\raksha\Desktop
\umaang\node_modules\ne
xt\node_modules\postcss
\lib\lazy-result.js:133
:16)
    at 
Processor.process (C:\U
sers\raksha\Desktop\uma
ang\node_modules\next\n
ode_modules\postcss\lib
\processor.js:53:14)
    at minifyCss (C:\Us
ers\raksha\Desktop\umaa
ng\node_modules\next\di
st\build\webpack\plugin
s\font-stylesheet-gathe
ring-plugin.js:72:8)
    at C:\Users\raksha\
Desktop\umaang\node_mod
ules\next\dist\build\we
bpack\plugins\font-styl
esheet-gathering-plugin
.js:196:51 {
  reason: 'Missed 
semicolon',
  source: `<!DOCTYPE 
html><html lang=en><hea
d><script>window['ppCon
fig'] = {productName: '
bcfae741e379a885f2ab2cf
83ebe6d32', 
deleteIsEnforced:  
false , 
sealIsEnforced:  false 
, heartbeatRate:  0.5 
, periodicReportingRate
Millis:  60000.0 , 
disableAllReporting:  
false 
};(function(){'use 
strict';function 
k(a){var b=0;return 
function(){return b<a.l
ength?{done:!1,value:a[
b++]}:{done:!0}}}functi
on l(a){var b=typeof Sy
mbol!="undefined"&&Symb
ol.iterator&&a[Symbol.i
terator];if(b)return 
b.call(a);if(typeof a.l
ength=="number")return{
next:k(a)};throw 
Error(String(a)+" is 
not an iterable or 
ArrayLike");}var 
m=typeof Object.defineP
roperties=="function"?O
bject.defineProperty:fu
nction(a,b,c){if(a==Arr
ay.prototype||a==Object
.prototype)return 
a;a[b]=c.value;return 
a};\n` +
    'function n(a){a=["
object"==typeof globalT
his&&globalThis,a,"obje
ct"==typeof window&&win
dow,"object"==typeof se
lf&&self,"object"==type
of global&&global];for(
var b=0;b<a.length;++b)
{var c=a[b];if(c&&c.Mat
h==Math)return c}throw 
Error("Cannot find 
global object");}var 
p=n(this);function 
q(a,b){if(b)a:{var c=p;
a=a.split(".");for(var 
d=0;d<a.length-1;d++){v
ar e=a[d];if(!(e in 
c))break a;c=c[e]}a=a[a
.length-1];d=c[a];b=b(d
);b!=d&&b!=null&&m(c,a,
{configurable:!0,writab
le:!0,value:b})}}\n' +
    'q("Object.is",func
tion(a){return a?a:func
tion(b,c){return b===c?
b!==0||1/b===1/c:b!==b&
&c!==c}});q("Array.prot
otype.includes",functio
n(a){return 
a?a:function(b,c){var 
d=this;d instanceof Str
ing&&(d=String(d));var 
e=d.length;c=c||0;for(c
<0&&(c=Math.max(c+e,0))
;c<e;c++){var f=d[c];if
(f===b||Object.is(f,b))
return!0}return!1}});\n
' +
    `q("String.prototyp
e.includes",function(a)
{return a?a:function(b,
c){if(this==null)throw 
new TypeError("The 
'this' value for String
.prototype.includes 
must not be null or 
undefined");if(b 
instanceof 
RegExp)throw new 
TypeError("First 
argument to String.prot
otype.includes must 
not be a regular 
expression");return thi
s.indexOf(b,c||0)!==-1}
});function r(a,b,c){a(
"https://csp.withgoogle
.com/csp/proto/"+encode
URIComponent(b),JSON.st
ringify(c))}function 
t(){var a;if((a=window.
ppConfig)==null?0:a.dis
ableAllReporting)return
 function(){};var b,c,d
,e;return(e=(b=window)=
=null?void 0:(c=b.navig
ator)==null?void 0:(d=c
.sendBeacon)==null?void
 0:d.bind(navigator))!=
null?e:u}function 
u(a,b){var c=new XMLHtt
pRequest;c.open("POST",
a);c.send(b)}\n` +
    'function v(){var a
=(w=Object.prototype)==
null?void 0:w.__lookupG
etter__("__proto__"),b=
x,c=y;return 
function(){var d=a.call
(this),e,f,g,h;r(c,b,{t
ype:"ACCESS_GET",origin
:(f=window.location.ori
gin)!=null?f:"unknown",
report:{className:(g=d=
=null?void 0:(e=d.const
ructor)==null?void 0:e.
name)!=null?g:"unknown"
,stackTrace:(h=Error().
stack)!=null?h:"unknown
"}});return d}}\n' +
    'function z(){var a
=(A=Object.prototype)==
null?void 0:A.__lookupS
etter__("__proto__"),b=
x,c=y;return function(d
){d=a.call(this,d);var 
e,f,g,h;r(c,b,{type:"AC
CESS_SET",origin:(f=win
dow.location.origin)!=n
ull?f:"unknown",report:
{className:(g=d==null?v
oid 0:(e=d.constructor)
==null?void 0:e.name)!=
null?g:"unknown",stackT
race:(h=Error().stack)!
=null?h:"unknown"}});re
turn d}}function B(a,b)
{C(a.productName,b);set
Interval(function(){C(a
.productName,b)},a.peri
odicReportingRateMillis
)}\n' +
    'var 
D="constructor 
__defineGetter__ 
__defineSetter__ 
hasOwnProperty 
__lookupGetter__ 
__lookupSetter__ 
isPrototypeOf 
propertyIsEnumerable 
toString valueOf 
__proto__ 
toLocaleString 
x_ngfn_x".split(" "),E=
D.concat,F=navigator.us
erAgent.match(/Firefox\
\/([0-9]+)\\./),G=(!F||
F.length<2?0:Number(F[1
])<75)?["toSource"]:[],
H;if(G instanceof 
Array)H=G;else{for(var 
I=l(G),J,K=[];!(J=I.nex
t()).done;)K.push(J.val
ue);H=K}var 
L=E.call(D,H),M=[];\n' 
+
    'function 
C(a,b){for(var c=[],d=l
(Object.getOwnPropertyN
ames(Object.prototype))
,e=d.next();!e.done;e=d
.next())e=e.value,L.inc
ludes(e)||M.includes(e)
||c.push(e);e=Object.pr
ototype;d=[];for(var f=
0;f<c.length;f++){var g
=c[f];d[f]={name:g,desc
riptor:Object.getOwnPro
pertyDescriptor(Object.
prototype,g),type:typeo
f e[g]}}if(d.length!==0
){c=l(d);for(e=c.next()
;!e.done;e=c.next())M.p
ush(e.value.name);var h
;r(b,a,{type:"SEAL",ori
gin:(h=window.location.
origin)!=null?h:"unknow
n",report:{blockers:d}}
)}};var N=Math.random()
,O=t(),P=window.ppConfi
g;P&&(P.disableAllRepor
ting||P.deleteIsEnforce
d&&P.sealIsEnforced||N<
P.heartbeatRate&&r(O,P.
productName,{origin:win
dow.location.origin,typ
e:"HEARTBEAT"}));var y=
t(),Q=window.ppConfig;i
f(Q)if(Q.deleteIsEnforc
ed)delete Object.protot
ype.__proto__;else if(!
Q.disableAllReporting){
var x=Q.productName;try
{var w,A;Object.defineP
roperty(Object.prototyp
e,"__proto__",{enumerab
le:!1,get:v(),set:z()})
}catch(a){}}\n' +
    '(function(){var a=
t(),b=window.ppConfig;b
&&(b.sealIsEnforced?Obj
ect.seal(Object.prototy
pe):b.disableAllReporti
ng||(document.readyStat
e!=="loading"?B(b,a):do
cument.addEventListener
("DOMContentLoaded",fun
ction(){B(b,a)})))})();
}).call(this);\n' +
    '</script><meta cha
rset=utf-8><title>400: 
Invalid 
selector</title><link h
ref="//fonts.googleapis
.com/css?family=Open+Sa
ns:300,400" 
rel="stylesheet" type="
text/css"/><style>\n' +
    '      * {\n' +
    '        margin: 
0;\n' +
    '        padding: 
0;\n' +
    '      }\n' +
    '      html,code 
{\n' +
    '        font: 
15px/22px 
arial,sans-serif;\n' +
    '      }\n' +
    '      html {\n' +
    '        
background: #fff;\n' +
    '        color: 
#222;\n' +
    '        padding: 
15px;\n' +
    '      }\n' +
    '      body {\n' +
    '        
background: 100% 5px 
no-repeat;\n' +
    '        
margin-top: 0;\n' +
    '        
max-width: none:\n' +
    '        
min-height: 180px;\n' +
    '        padding: 
30px 0 15px;\n' +
    '      }\n' +
    '      * > body 
{\n' +
    '        
padding-right: 
205px;\n' +
    '      }\n' +
    '      p {\n' +
    '        margin: 
22px 0 0;\n' +
    '        overflow: 
hidden;\n' +
    '      }\n' +
    '      ins {\n' +
    '        
text-decoration: 
none;\n' +
    '      }\n' +
    '      ins {\n' +
    '        color: 
#777;\n' +
    '      }\n' +
    '      /* Google 
Fonts logo 
styling*/\n' +
    '      
.projectLogo a {\n' +
    '        
font-family: "Open 
Sans", arial, 
sans-serif;\n' +
    '        
font-size: 32px;\n' +
    '        
font-weight: 300;\n' +
    '        color: 
#63666a;\n' +
    '        
line-height: 1.375;\n' 
+
    '        
text-decoration: 
none;\n' +
    '      }\n' +
    '      
.projectLogo img {\n' +
    '        margin: 
-1px 0 -4px;\n' +
    '        
vertical-align: 
middle;\n' +
    '      }\n' +
    '    </style></head
><body><h1 id="g" 
class="projectLogo"><a 
href="//www.google.com/
fonts"><img src="//www.
google.com/images/logos
/google_logo_41.png" 
alt="Google"/> Fonts</a
></h1><p><b>400:</b>&nb
sp;<ins>Invalid selecto
r</ins></p><p>Too many 
values in 
tuple</p><pre>Material 
Symbols Outlined:wght@1
00..700,0..1\n' +
    `                  
                      
^</pre><p><ins>For 
reference, see the <a h
ref="https://developers
.google.com/fonts/docs/
getting_started">Google
 Fonts API documentatio
n</a>.</ins></p></body>
</html><!DOCTYPE 
html><html lang=en><hea
d><script>window['ppCon
fig'] = {productName: '
bcfae741e379a885f2ab2cf
83ebe6d32', 
deleteIsEnforced:  
false , 
sealIsEnforced:  false 
, heartbeatRate:  0.5 
, periodicReportingRate
Millis:  60000.0 , 
disableAllReporting:  
false 
};(function(){'use 
strict';function 
k(a){var b=0;return 
function(){return b<a.l
ength?{done:!1,value:a[
b++]}:{done:!0}}}functi
on l(a){var b=typeof Sy
mbol!="undefined"&&Symb
ol.iterator&&a[Symbol.i
terator];if(b)return 
b.call(a);if(typeof a.l
ength=="number")return{
next:k(a)};throw 
Error(String(a)+" is 
not an iterable or 
ArrayLike");}var 
m=typeof Object.defineP
roperties=="function"?O
bject.defineProperty:fu
nction(a,b,c){if(a==Arr
ay.prototype||a==Object
.prototype)return 
a;a[b]=c.value;return 
a};\n` +
    'function n(a){a=["
object"==typeof globalT
his&&globalThis,a,"obje
ct"==typeof window&&win
dow,"object"==typeof se
lf&&self,"object"==type
of global&&global];for(
var b=0;b<a.length;++b)
{var c=a[b];if(c&&c.Mat
h==Math)return c}throw 
Error("Cannot find 
global object");}var 
p=n(this);function 
q(a,b){if(b)a:{var c=p;
a=a.split(".");for(var 
d=0;d<a.length-1;d++){v
ar e=a[d];if(!(e in 
c))break a;c=c[e]}a=a[a
.length-1];d=c[a];b=b(d
);b!=d&&b!=null&&m(c,a,
{configurable:!0,writab
le:!0,value:b})}}\n' +
    'q("Object.is",func
tion(a){return a?a:func
tion(b,c){return b===c?
b!==0||1/b===1/c:b!==b&
&c!==c}});q("Array.prot
otype.includes",functio
n(a){return 
a?a:function(b,c){var 
d=this;d instanceof Str
ing&&(d=String(d));var 
e=d.length;c=c||0;for(c
<0&&(c=Math.max(c+e,0))
;c<e;c++){var f=d[c];if
(f===b||Object.is(f,b))
return!0}return!1}});\n
' +
    `q("String.prototyp
e.includes",function(a)
{return a?a:function(b,
c){if(this==null)throw 
new TypeError("The 
'this' value for String
.prototype.includes 
must not be null or 
undefined");if(b 
instanceof 
RegExp)throw new 
TypeError("First 
argument to String.prot
otype.includes must 
not be a regular 
expression");return thi
s.indexOf(b,c||0)!==-1}
});function r(a,b,c){a(
"https://csp.withgoogle
.com/csp/proto/"+encode
URIComponent(b),JSON.st
ringify(c))}function 
t(){var a;if((a=window.
ppConfig)==null?0:a.dis
ableAllReporting)return
 function(){};var b,c,d
,e;return(e=(b=window)=
=null?void 0:(c=b.navig
ator)==null?void 0:(d=c
.sendBeacon)==null?void
 0:d.bind(navigator))!=
null?e:u}function 
u(a,b){var c=new XMLHtt
pRequest;c.open("POST",
a);c.send(b)}\n` +
    'function v(){var a
=(w=Object.prototype)==
null?void 0:w.__lookupG
etter__("__proto__"),b=
x,c=y;return 
function(){var d=a.call
(this),e,f,g,h;r(c,b,{t
ype:"ACCESS_GET",origin
:(f=window.location.ori
gin)!=null?f:"unknown",
report:{className:(g=d=
=null?void 0:(e=d.const
ructor)==null?void 0:e.
name)!=null?g:"unknown"
,stackTrace:(h=Error().
stack)!=null?h:"unknown
"}});return d}}\n' +
    'function z(){var a
=(A=Object.prototype)==
null?void 0:A.__lookupS
etter__("__proto__"),b=
x,c=y;return function(d
){d=a.call(this,d);var 
e,f,g,h;r(c,b,{type:"AC
CESS_SET",origin:(f=win
dow.location.origin)!=n
ull?f:"unknown",report:
{className:(g=d==null?v
oid 0:(e=d.constructor)
==null?void 0:e.name)!=
null?g:"unknown",stackT
race:(h=Error().stack)!
=null?h:"unknown"}});re
turn d}}function B(a,b)
{C(a.productName,b);set
Interval(function(){C(a
.productName,b)},a.peri
odicReportingRateMillis
)}\n' +
    'var 
D="constructor 
__defineGetter__ 
__defineSetter__ 
hasOwnProperty 
__lookupGetter__ 
__lookupSetter__ 
isPrototypeOf 
propertyIsEnumerable 
toString valueOf 
__proto__ 
toLocaleString 
x_ngfn_x".split(" "),E=
D.concat,F=navigator.us
erAgent.match(/Firefox\
\/([0-9]+)\\./),G=(!F||
F.length<2?0:Number(F[1
])<75)?["toSource"]:[],
H;if(G instanceof 
Array)H=G;else{for(var 
I=l(G),J,K=[];!(J=I.nex
t()).done;)K.push(J.val
ue);H=K}var 
L=E.call(D,H),M=[];\n' 
+
    'function 
C(a,b){for(var c='... 
2790 more characters,
  line: 1,
  column: 114,
  input: {
    column: 114,
    endColumn: 
undefined,
    endLine: undefined,
    line: 1,
    source: `<!DOCTYPE 
html><html lang=en><hea
d><script>window['ppCon
fig'] = {productName: '
bcfae741e379a885f2ab2cf
83ebe6d32', 
deleteIsEnforced:  
false , 
sealIsEnforced:  false 
, heartbeatRate:  0.5 
, periodicReportingRate
Millis:  60000.0 , 
disableAllReporting:  
false 
};(function(){'use 
strict';function 
k(a){var b=0;return 
function(){return b<a.l
ength?{done:!1,value:a[
b++]}:{done:!0}}}functi
on l(a){var b=typeof Sy
mbol!="undefined"&&Symb
ol.iterator&&a[Symbol.i
terator];if(b)return 
b.call(a);if(typeof a.l
ength=="number")return{
next:k(a)};throw 
Error(String(a)+" is 
not an iterable or 
ArrayLike");}var 
m=typeof Object.defineP
roperties=="function"?O
bject.defineProperty:fu
nction(a,b,c){if(a==Arr
ay.prototype||a==Object
.prototype)return 
a;a[b]=c.value;return 
a};\n` +
      'function n(a){a=
["object"==typeof globa
lThis&&globalThis,a,"ob
ject"==typeof window&&w
indow,"object"==typeof 
self&&self,"object"==ty
peof global&&global];fo
r(var b=0;b<a.length;++
b){var c=a[b];if(c&&c.M
ath==Math)return 
c}throw Error("Cannot 
find global 
object");}var 
p=n(this);function 
q(a,b){if(b)a:{var c=p;
a=a.split(".");for(var 
d=0;d<a.length-1;d++){v
ar e=a[d];if(!(e in 
c))break a;c=c[e]}a=a[a
.length-1];d=c[a];b=b(d
);b!=d&&b!=null&&m(c,a,
{configurable:!0,writab
le:!0,value:b})}}\n' +
      'q("Object.is",fu
nction(a){return a?a:fu
nction(b,c){return b===
c?b!==0||1/b===1/c:b!==
b&&c!==c}});q("Array.pr
ototype.includes",funct
ion(a){return 
a?a:function(b,c){var 
d=this;d instanceof Str
ing&&(d=String(d));var 
e=d.length;c=c||0;for(c
<0&&(c=Math.max(c+e,0))
;c<e;c++){var f=d[c];if
(f===b||Object.is(f,b))
return!0}return!1}});\n
' +
      `q("String.protot
ype.includes",function(
a){return a?a:function(
b,c){if(this==null)thro
w new TypeError("The 
'this' value for String
.prototype.includes 
must not be null or 
undefined");if(b 
instanceof 
RegExp)throw new 
TypeError("First 
argument to String.prot
otype.includes must 
not be a regular 
expression");return thi
s.indexOf(b,c||0)!==-1}
});function r(a,b,c){a(
"https://csp.withgoogle
.com/csp/proto/"+encode
URIComponent(b),JSON.st
ringify(c))}function 
t(){var a;if((a=window.
ppConfig)==null?0:a.dis
ableAllReporting)return
 function(){};var b,c,d
,e;return(e=(b=window)=
=null?void 0:(c=b.navig
ator)==null?void 0:(d=c
.sendBeacon)==null?void
 0:d.bind(navigator))!=
null?e:u}function 
u(a,b){var c=new XMLHtt
pRequest;c.open("POST",
a);c.send(b)}\n` +
      'function 
v(){var a=(w=Object.pro
totype)==null?void 0:w.
__lookupGetter__("__pro
to__"),b=x,c=y;return 
function(){var d=a.call
(this),e,f,g,h;r(c,b,{t
ype:"ACCESS_GET",origin
:(f=window.location.ori
gin)!=null?f:"unknown",
report:{className:(g=d=
=null?void 0:(e=d.const
ructor)==null?void 0:e.
name)!=null?g:"unknown"
,stackTrace:(h=Error().
stack)!=null?h:"unknown
"}});return d}}\n' +
      'function 
z(){var a=(A=Object.pro
totype)==null?void 0:A.
__lookupSetter__("__pro
to__"),b=x,c=y;return f
unction(d){d=a.call(thi
s,d);var e,f,g,h;r(c,b,
{type:"ACCESS_SET",orig
in:(f=window.location.o
rigin)!=null?f:"unknown
",report:{className:(g=
d==null?void 0:(e=d.con
structor)==null?void 0:
e.name)!=null?g:"unknow
n",stackTrace:(h=Error(
).stack)!=null?h:"unkno
wn"}});return 
d}}function B(a,b){C(a.
productName,b);setInter
val(function(){C(a.prod
uctName,b)},a.periodicR
eportingRateMillis)}\n'
 +
      'var 
D="constructor 
__defineGetter__ 
__defineSetter__ 
hasOwnProperty 
__lookupGetter__ 
__lookupSetter__ 
isPrototypeOf 
propertyIsEnumerable 
toString valueOf 
__proto__ 
toLocaleString 
x_ngfn_x".split(" "),E=
D.concat,F=navigator.us
erAgent.match(/Firefox\
\/([0-9]+)\\./),G=(!F||
F.length<2?0:Number(F[1
])<75)?["toSource"]:[],
H;if(G instanceof 
Array)H=G;else{for(var 
I=l(G),J,K=[];!(J=I.nex
t()).done;)K.push(J.val
ue);H=K}var 
L=E.call(D,H),M=[];\n' 
+
      'function 
C(a,b){for(var c=[],d=l
(Object.getOwnPropertyN
ames(Object.prototype))
,e=d.next();!e.done;e=d
.next())e=e.value,L.inc
ludes(e)||M.includes(e)
||c.push(e);e=Object.pr
ototype;d=[];for(var f=
0;f<c.length;f++){var g
=c[f];d[f]={name:g,desc
riptor:Object.getOwnPro
pertyDescriptor(Object.
prototype,g),type:typeo
f e[g]}}if(d.length!==0
){c=l(d);for(e=c.next()
;!e.done;e=c.next())M.p
ush(e.value.name);var h
;r(b,a,{type:"SEAL",ori
gin:(h=window.location.
origin)!=null?h:"unknow
n",report:{blockers:d}}
)}};var N=Math.random()
,O=t(),P=window.ppConfi
g;P&&(P.disableAllRepor
ting||P.deleteIsEnforce
d&&P.sealIsEnforced||N<
P.heartbeatRate&&r(O,P.
productName,{origin:win
dow.location.origin,typ
e:"HEARTBEAT"}));var y=
t(),Q=window.ppConfig;i
f(Q)if(Q.deleteIsEnforc
ed)delete Object.protot
ype.__proto__;else if(!
Q.disableAllReporting){
var x=Q.productName;try
{var w,A;Object.defineP
roperty(Object.prototyp
e,"__proto__",{enumerab
le:!1,get:v(),set:z()})
}catch(a){}}\n' +
      '(function(){var 
a=t(),b=window.ppConfig
;b&&(b.sealIsEnforced?O
bject.seal(Object.proto
type):b.disableAllRepor
ting||(document.readySt
ate!=="loading"?B(b,a):
document.addEventListen
er("DOMContentLoaded",f
unction(){B(b,a)})))})(
);}).call(this);\n' +
      '</script><meta c
harset=utf-8><title>400
: Invalid 
selector</title><link h
ref="//fonts.googleapis
.com/css?family=Open+Sa
ns:300,400" 
rel="stylesheet" type="
text/css"/><style>\n' +
      '      * {\n' +
      '        margin: 
0;\n' +
      '        
padding: 0;\n' +
      '      }\n' +
      '      html,code 
{\n' +
      '        font: 
15px/22px 
arial,sans-serif;\n' +
      '      }\n' +
      '      html {\n' 
+
      '        
background: #fff;\n' +
      '        color: 
#222;\n' +
      '        
padding: 15px;\n' +
      '      }\n' +
      '      body {\n' 
+
      '        
background: 100% 5px 
no-repeat;\n' +
      '        
margin-top: 0;\n' +
      '        
max-width: none:\n' +
      '        
min-height: 180px;\n' +
      '        
padding: 30px 0 
15px;\n' +
      '      }\n' +
      '      * > body 
{\n' +
      '        
padding-right: 
205px;\n' +
      '      }\n' +
      '      p {\n' +
      '        margin: 
22px 0 0;\n' +
      '        
overflow: hidden;\n' +
      '      }\n' +
      '      ins {\n' +
      '        
text-decoration: 
none;\n' +
      '      }\n' +
      '      ins {\n' +
      '        color: 
#777;\n' +
      '      }\n' +
      '      /* Google 
Fonts logo 
styling*/\n' +
      '      
.projectLogo a {\n' +
      '        
font-family: "Open 
Sans", arial, 
sans-serif;\n' +
      '        
font-size: 32px;\n' +
      '        
font-weight: 300;\n' +
      '        color: 
#63666a;\n' +
      '        
line-height: 1.375;\n' 
+
      '        
text-decoration: 
none;\n' +
      '      }\n' +
      '      
.projectLogo img {\n' +
      '        margin: 
-1px 0 -4px;\n' +
      '        
vertical-align: 
middle;\n' +
      '      }\n' +
      '    </style></he
ad><body><h1 id="g" 
class="projectLogo"><a 
href="//www.google.com/
fonts"><img src="//www.
google.com/images/logos
/google_logo_41.png" 
alt="Google"/> Fonts</a
></h1><p><b>400:</b>&nb
sp;<ins>Invalid selecto
r</ins></p><p>Too many 
values in 
tuple</p><pre>Material 
Symbols Outlined:wght@1
00..700,0..1\n' +
      `                
                       
 ^</pre><p><ins>For 
reference, see the <a h
ref="https://developers
.google.com/fonts/docs/
getting_started">Google
 Fonts API documentatio
n</a>.</ins></p></body>
</html><!DOCTYPE 
html><html lang=en><hea
d><script>window['ppCon
fig'] = {productName: '
bcfae741e379a885f2ab2cf
83ebe6d32', 
deleteIsEnforced:  
false , 
sealIsEnforced:  false 
, heartbeatRate:  0.5 
, periodicReportingRate
Millis:  60000.0 , 
disableAllReporting:  
false 
};(function(){'use 
strict';function 
k(a){var b=0;return 
function(){return b<a.l
ength?{done:!1,value:a[
b++]}:{done:!0}}}functi
on l(a){var b=typeof Sy
mbol!="undefined"&&Symb
ol.iterator&&a[Symbol.i
terator];if(b)return 
b.call(a);if(typeof a.l
ength=="number")return{
next:k(a)};throw 
Error(String(a)+" is 
not an iterable or 
ArrayLike");}var 
m=typeof Object.defineP
roperties=="function"?O
bject.defineProperty:fu
nction(a,b,c){if(a==Arr
ay.prototype||a==Object
.prototype)return 
a;a[b]=c.value;return 
a};\n` +
      'function n(a){a=
["object"==typeof globa
lThis&&globalThis,a,"ob
ject"==typeof window&&w
indow,"object"==typeof 
self&&self,"object"==ty
peof global&&global];fo
r(var b=0;b<a.length;++
b){var c=a[b];if(c&&c.M
ath==Math)return 
c}throw Error("Cannot 
find global 
object");}var 
p=n(this);function 
q(a,b){if(b)a:{var c=p;
a=a.split(".");for(var 
d=0;d<a.length-1;d++){v
ar e=a[d];if(!(e in 
c))break a;c=c[e]}a=a[a
.length-1];d=c[a];b=b(d
);b!=d&&b!=null&&m(c,a,
{configurable:!0,writab
le:!0,value:b})}}\n' +
      'q("Object.is",fu
nction(a){return a?a:fu
nction(b,c){return b===
c?b!==0||1/b===1/c:b!==
b&&c!==c}});q("Array.pr
ototype.includes",funct
ion(a){return 
a?a:function(b,c){var 
d=this;d instanceof Str
ing&&(d=String(d));var 
e=d.length;c=c||0;for(c
<0&&(c=Math.max(c+e,0))
;c<e;c++){var f=d[c];if
(f===b||Object.is(f,b))
return!0}return!1}});\n
' +
      `q("String.protot
ype.includes",function(
a){return a?a:function(
b,c){if(this==null)thro
w new TypeError("The 
'this' value for String
.prototype.includes 
must not be null or 
undefined");if(b 
instanceof 
RegExp)throw new 
TypeError("First 
argument to String.prot
otype.includes must 
not be a regular 
expression");return thi
s.indexOf(b,c||0)!==-1}
});function r(a,b,c){a(
"https://csp.withgoogle
.com/csp/proto/"+encode
URIComponent(b),JSON.st
ringify(c))}function 
t(){var a;if((a=window.
ppConfig)==null?0:a.dis
ableAllReporting)return
 function(){};var b,c,d
,e;return(e=(b=window)=
=null?void 0:(c=b.navig
ator)==null?void 0:(d=c
.sendBeacon)==null?void
 0:d.bind(navigator))!=
null?e:u}function 
u(a,b){var c=new XMLHtt
pRequest;c.open("POST",
a);c.send(b)}\n` +
      'function 
v(){var a=(w=Object.pro
totype)==null?void 0:w.
__lookupGetter__("__pro
to__"),b=x,c=y;return 
function(){var d=a.call
(this),e,f,g,h;r(c,b,{t
ype:"ACCESS_GET",origin
:(f=window.location.ori
gin)!=null?f:"unknown",
report:{className:(g=d=
=null?void 0:(e=d.const
ructor)==null?void 0:e.
name)!=null?g:"unknown"
,stackTrace:(h=Error().
stack)!=null?h:"unknown
"}});return d}}\n' +
      'function 
z(){var a=(A=Object.pro
totype)==null?void 0:A.
__lookupSetter__("__pro
to__"),b=x,c=y;return f
unction(d){d=a.call(thi
s,d);var e,f,g,h;r(c,b,
{type:"ACCESS_SET",orig
in:(f=window.location.o
rigin)!=null?f:"unknown
",report:{className:(g=
d==null?void 0:(e=d.con
structor)==null?void 0:
e.name)!=null?g:"unknow
n",stackTrace:(h=Error(
).stack)!=null?h:"unkno
wn"}});return 
d}}function B(a,b){C(a.
productName,b);setInter
val(function(){C(a.prod
uctName,b)},a.periodicR
eportingRateMillis)}\n'
 +
      'var 
D="constructor 
__defineGetter__ 
__defineSetter__ 
hasOwnProperty 
__lookupGetter__ 
__lookupSetter__ 
isPrototypeOf 
propertyIsEnumerable 
toString valueOf 
__proto__ 
toLocaleString 
x_ngfn_x".split(" "),E=
D.concat,F=navigator.us
erAgent.match(/Firefox\
\/([0-9]+)\\./),G=(!F||
F.length<2?0:Number(F[1
])<75)?["toSource"]:[],
H;if(G instanceof 
Array)H=G;else{for(var 
I=l(G),J,K=[];!(J=I.nex
t()).done;)K.push(J.val
ue);H=K}var 
L=E.call(D,H),M=[];\n' 
+
      'function 
C(a,b){for(var c='... 
2790 more characters
  }
}
 Ô£ô Compiled successfully
   Linting and checking validity of types ...

Failed to compile.

./app/layout.tsx
35:9  Warning: Custom 
fonts not added in 
`pages/_document.js` 
will only load for a 
single page. This is 
discouraged. See: https
://nextjs.org/docs/mess
ages/no-page-custom-fon
t  @next/next/no-page-c
ustom-font
36:9  Warning: Custom 
fonts not added in 
`pages/_document.js` 
will only load for a 
single page. This is 
discouraged. See: https
://nextjs.org/docs/mess
ages/no-page-custom-fon
t  @next/next/no-page-c
ustom-font

./app/page.tsx
96:35  Error: `'` can 
be escaped with 
`&apos;`, `&lsquo;`, 
`&#39;`, `&rsquo;`.  re
act/no-unescaped-entiti
es
134:56  Error: 
Unexpected any. 
Specify a different 
type.  @typescript-esli
nt/no-explicit-any

./app/parent/page.tsx
103:17  Error: `"` can 
be escaped with 
`&quot;`, `&ldquo;`, 
`&#34;`, `&rdquo;`.  re
act/no-unescaped-entiti
es
103:145  Error: `"` 
can be escaped with 
`&quot;`, `&ldquo;`, 
`&#34;`, `&rdquo;`.  re
act/no-unescaped-entiti
es
112:77  Error: `'` can 
be escaped with 
`&apos;`, `&lsquo;`, 
`&#39;`, `&rsquo;`.  re
act/no-unescaped-entiti
es

./app/volunteer/page.ts
x
105:33  Error: `'` can 
be escaped with 
`&apos;`, `&lsquo;`, 
`&#39;`, `&rsquo;`.  re
act/no-unescaped-entiti
es

info  - Need to 
disable some ESLint 
rules? Learn more 
here: https://nextjs.or
g/docs/basic-features/e
slint#disabling-rules
